setting 'ivy.default.settings.dir' to 'jar:file:/opt/sbt/bin/sbt-launch.jar!/org/apache/ivy/core/settings'
setting 'ivy.basedir' to '/opt/talkyard/app/.'
setting 'ivy.default.conf.dir' to 'jar:file:/opt/sbt/bin/sbt-launch.jar!/org/apache/ivy/core/settings'
impossible to define new type: class not found: org.apache.ivy.plugins.resolver.VfsResolver in [] nor Ivy classloader
impossible to define new type: class not found: org.apache.ivy.plugins.trigger.LogTrigger in [] nor Ivy classloader
impossible to define new type: class not found: org.apache.ivy.plugins.resolver.MirroredURLResolver in [] nor Ivy classloader
impossible to define new type: class not found: org.apache.ivy.plugins.resolver.SshResolver in [] nor Ivy classloader
impossible to define new type: class not found: org.apache.ivy.plugins.resolver.DualResolver in [] nor Ivy classloader
impossible to define new type: class not found: org.apache.ivy.plugins.resolver.IvyRepResolver in [] nor Ivy classloader
impossible to define new type: class not found: org.apache.ivy.plugins.signer.bouncycastle.OpenPGPSignatureGenerator in [] nor Ivy classloader
impossible to define new type: class not found: org.apache.ivy.plugins.resolver.JarResolver in [] nor Ivy classloader
impossible to define new type: class not found: org.apache.ivy.ant.AntCallTrigger in [] nor Ivy classloader
impossible to define new type: class not found: org.apache.ivy.ant.AntBuildTrigger in [] nor Ivy classloader
impossible to define new type: class not found: org.apache.ivy.plugins.version.PatternVersionMatcher in [] nor Ivy classloader
impossible to define new type: class not found: org.apache.ivy.plugins.resolver.packager.PackagerResolver in [] nor Ivy classloader
impossible to define new type: class not found: org.apache.ivy.plugins.resolver.VsftpResolver in [] nor Ivy classloader
impossible to define new type: class not found: org.apache.ivy.plugins.conflict.RegexpConflictManager in [] nor Ivy classloader
impossible to define new type: class not found: org.apache.ivy.plugins.resolver.SFTPResolver in [] nor Ivy classloader
impossible to define new type: class not found: org.apache.ivy.osgi.updatesite.UpdateSiteResolver in [] nor Ivy classloader
impossible to define new type: class not found: org.apache.ivy.osgi.obr.OBRResolver in [] nor Ivy classloader
impossible to define glob matcher: org.apache.ivy.plugins.matcher.GlobPatternMatcher was not found.
setting 'awt.toolkit' to 'sun.awt.X11.XToolkit'
setting 'java.specification.version' to '11'
setting 'sun.cpu.isalist' to ''
setting 'sun.jnu.encoding' to 'UTF-8'
setting 'sun.arch.data.model' to '64'
setting 'java.vendor.url' to 'https://adoptium.net/'
setting 'log4j2.formatMsgNoLookups' to 'true'
setting 'sun.boot.library.path' to '/opt/java/openjdk/lib'
setting 'com.sun.management.jmxremote.ssl' to 'false'
setting 'sun.java.command' to '/opt/sbt/bin/sbt-launch.jar'
setting 'jdk.debug' to 'release'
setting 'http.port' to '9000'
setting 'java.specification.vendor' to 'Oracle Corporation'
setting 'java.version.date' to '2023-01-17'
setting 'java.home' to '/opt/java/openjdk'
setting 'file.separator' to '/'
setting 'https.port' to '9443'
setting 'java.vm.compressedOopsMode' to 'Zero based'
setting 'line.separator' to '
'
setting 'java.specification.name' to 'Java Platform API Specification'
setting 'java.vm.specification.vendor' to 'Oracle Corporation'
setting 'sun.management.compiler' to 'HotSpot 64-Bit Tiered Compilers'
setting 'java.runtime.version' to '11.0.18+10'
setting 'user.name' to 'owner'
setting 'file.encoding' to 'UTF-8'
setting 'java.vendor.version' to 'Temurin-11.0.18+10'
setting 'java.io.tmpdir' to '/tmp'
setting 'com.sun.management.jmxremote.port' to '3333'
setting 'java.version' to '11.0.18'
setting 'java.vm.specification.name' to 'Java Virtual Machine Specification'
setting 'java.awt.printerjob' to 'sun.print.PSPrinterJob'
setting 'sun.os.patch.level' to 'unknown'
setting 'java.library.path' to '/usr/java/packages/lib:/usr/lib64:/lib64:/lib:/usr/lib'
setting 'java.vendor' to 'Eclipse Adoptium'
setting 'https.protocols' to 'TLSv1.1,TLSv1.2'
setting 'java.rmi.server.randomIDs' to 'true'
setting 'scala.ext.dirs' to '/home/owner/.sbt/0.13/java9-rt-ext-eclipse_adoptium_11_0_18'
setting 'sun.io.unicode.encoding' to 'UnicodeLittle'
setting 'java.class.path' to '/opt/sbt/bin/sbt-launch.jar'
setting 'com.sun.management.jmxremote.authenticate' to 'false'
setting 'java.vm.vendor' to 'Eclipse Adoptium'
setting 'jline.shutdownhook' to 'false'
setting 'user.timezone' to 'Etc/UTC'
setting 'os.name' to 'Linux'
setting 'java.vm.specification.version' to '11'
setting 'sun.java.launcher' to 'SUN_STANDARD'
setting 'user.country' to 'US'
setting 'sun.cpu.endian' to 'little'
setting 'user.home' to '/home/owner'
setting 'user.language' to 'en'
setting 'java.awt.graphicsenv' to 'sun.awt.X11GraphicsEnvironment'
setting 'logback.configurationFile' to '/opt/talkyard/app/conf/logback.xml'
setting 'jline.esc.timeout' to '0'
setting 'path.separator' to ':'
setting 'deployment.security.SSLv2Hello' to 'false'
setting 'os.version' to '6.1.75-1.qubes.fc32.x86_64'
setting 'java.runtime.name' to 'OpenJDK Runtime Environment'
setting 'jdk.tls.client.protocols' to 'TLSv1.1,TLSv1.2'
setting 'java.vm.name' to 'OpenJDK 64-Bit Server VM'
setting 'java.vendor.url.bug' to 'https://github.com/adoptium/adoptium-support/issues'
setting 'user.dir' to '/opt/talkyard/app'
setting 'os.arch' to 'amd64'
setting 'deployment.security.SSLv3' to 'false'
setting 'java.vm.info' to 'mixed mode, sharing'
setting 'java.vm.version' to '11.0.18+10'
setting 'config.file' to '/opt/talkyard/app/conf/app-dev.conf'
setting 'java.class.version' to '55.0'
setting 'ivy.default.ivy.user.dir' to '/home/owner/.ivy2'
setting 'ivy.home' to '/home/owner/.ivy2'
setting 'ivy.cache.dir' to '/home/owner/.ivy2/cache'
no default cache defined: set to /home/owner/.ivy2/cache
setting 'ivy.checksums' to 'sha1,md5'
setting 'ivy.basedir' to '/home/owner/.sbt/boot'
setting 'basedir' to '/home/owner/.sbt/boot'
setting 'scala' to '2.12.18'
:: resolving dependencies :: org.scala-sbt#boot-scala;1.0
	confs: [default]
	validate = true
	refresh = false
resolving dependencies for configuration 'default'
== resolving dependencies for org.scala-sbt#boot-scala;1.0 [default]
loadData of org.scala-sbt#boot-scala;1.0 of rootConf=default
== resolving dependencies org.scala-sbt#boot-scala;1.0->org.scala-lang#scala-compiler;2.12.18 [default->default]
loadData of org.scala-lang#scala-compiler;2.12.18 of rootConf=default
	using redefined-public to resolve org.scala-lang#scala-compiler;2.12.18
redefined-public: Checking cache for: dependency: org.scala-lang#scala-compiler;2.12.18 {default=[default, optional(default)]}
redefined-public: no namespace defined: using system
No entry is found in the ModuleDescriptorCache : /home/owner/.ivy2/cache/org.scala-lang/scala-compiler/ivy-2.12.18.xml
post 1.3 ivy file: using exact as default matcher
	resolver not found: null => trying to use the one configured for org.scala-lang#scala-compiler;2.12.18
	configured resolver found for org.scala-lang#scala-compiler;2.12.18: redefined-public: saving this data
	found ivy file in cache for org.scala-lang#scala-compiler;2.12.18 (resolved by redefined-public): /home/owner/.ivy2/cache/org.scala-lang/scala-compiler/ivy-2.12.18.xml
redefined-public: module revision found in cache: org.scala-lang#scala-compiler;2.12.18
redefined-public: no latest strategy defined: using default
	found org.scala-lang#scala-compiler;2.12.18 in redefined-public
== resolving dependencies org.scala-sbt#boot-scala;1.0->org.scala-lang#scala-compiler;2.12.18 [default->runtime]
loadData of org.scala-lang#scala-compiler;2.12.18 of rootConf=default
== resolving dependencies org.scala-sbt#boot-scala;1.0->org.scala-lang#scala-compiler;2.12.18 [default->compile]
loadData of org.scala-lang#scala-compiler;2.12.18 of rootConf=default
== resolving dependencies org.scala-lang#scala-compiler;2.12.18->org.scala-lang#scala-library;2.12.18 [compile->master(*)]
loadData of org.scala-lang#scala-library;2.12.18 of rootConf=default
	using redefined-public to resolve org.scala-lang#scala-library;2.12.18
redefined-public: Checking cache for: dependency: org.scala-lang#scala-library;2.12.18 {compile=[compile(*), master(*)], runtime=[runtime(*)]}
No entry is found in the ModuleDescriptorCache : /home/owner/.ivy2/cache/org.scala-lang/scala-library/ivy-2.12.18.xml
post 1.3 ivy file: using exact as default matcher
	resolver not found: null => trying to use the one configured for org.scala-lang#scala-library;2.12.18
	configured resolver found for org.scala-lang#scala-library;2.12.18: redefined-public: saving this data
	found ivy file in cache for org.scala-lang#scala-library;2.12.18 (resolved by redefined-public): /home/owner/.ivy2/cache/org.scala-lang/scala-library/ivy-2.12.18.xml
redefined-public: module revision found in cache: org.scala-lang#scala-library;2.12.18
	found org.scala-lang#scala-library;2.12.18 in redefined-public
== resolving dependencies org.scala-lang#scala-compiler;2.12.18->org.scala-lang#scala-library;2.12.18 [compile->compile(*)]
loadData of org.scala-lang#scala-library;2.12.18 of rootConf=default
== resolving dependencies org.scala-lang#scala-compiler;2.12.18->org.scala-lang#scala-library;2.12.18 [compile->default]
loadData of org.scala-lang#scala-library;2.12.18 of rootConf=default
== resolving dependencies org.scala-lang#scala-compiler;2.12.18->org.scala-lang#scala-library;2.12.18 [compile->runtime]
loadData of org.scala-lang#scala-library;2.12.18 of rootConf=default
== resolving dependencies org.scala-lang#scala-compiler;2.12.18->org.scala-lang#scala-library;2.12.18 [compile->compile]
loadData of org.scala-lang#scala-library;2.12.18 of rootConf=default
== resolving dependencies org.scala-lang#scala-compiler;2.12.18->org.scala-lang#scala-library;2.12.18 [compile->master]
loadData of org.scala-lang#scala-library;2.12.18 of rootConf=default
== resolving dependencies org.scala-lang#scala-compiler;2.12.18->org.scala-lang#scala-library;2.12.18 [compile->runtime(*)]
loadData of org.scala-lang#scala-library;2.12.18 of rootConf=default
== resolving dependencies org.scala-lang#scala-compiler;2.12.18->org.scala-lang#scala-library;2.12.18 [compile->compile]
loadData of org.scala-lang#scala-library;2.12.18 of rootConf=default
default is loaded and no conf to load.  Skip loading
== resolving dependencies org.scala-lang#scala-compiler;2.12.18->org.scala-lang#scala-reflect;2.12.18 [compile->master(*)]
loadData of org.scala-lang#scala-reflect;2.12.18 of rootConf=default
	using redefined-public to resolve org.scala-lang#scala-reflect;2.12.18
redefined-public: Checking cache for: dependency: org.scala-lang#scala-reflect;2.12.18 {compile=[compile(*), master(*)], runtime=[runtime(*)]}
No entry is found in the ModuleDescriptorCache : /home/owner/.ivy2/cache/org.scala-lang/scala-reflect/ivy-2.12.18.xml
post 1.3 ivy file: using exact as default matcher
	resolver not found: null => trying to use the one configured for org.scala-lang#scala-reflect;2.12.18
	configured resolver found for org.scala-lang#scala-reflect;2.12.18: redefined-public: saving this data
	found ivy file in cache for org.scala-lang#scala-reflect;2.12.18 (resolved by redefined-public): /home/owner/.ivy2/cache/org.scala-lang/scala-reflect/ivy-2.12.18.xml
redefined-public: module revision found in cache: org.scala-lang#scala-reflect;2.12.18
	found org.scala-lang#scala-reflect;2.12.18 in redefined-public
== resolving dependencies org.scala-lang#scala-compiler;2.12.18->org.scala-lang#scala-reflect;2.12.18 [compile->compile(*)]
loadData of org.scala-lang#scala-reflect;2.12.18 of rootConf=default
== resolving dependencies org.scala-lang#scala-reflect;2.12.18->org.scala-lang#scala-library;2.12.18 [compile->master(*)]
loadData of org.scala-lang#scala-library;2.12.18 of rootConf=default
default is loaded and no conf to load.  Skip loading
== resolving dependencies org.scala-lang#scala-reflect;2.12.18->org.scala-lang#scala-library;2.12.18 [compile->compile(*)]
loadData of org.scala-lang#scala-library;2.12.18 of rootConf=default
default is loaded and no conf to load.  Skip loading
== resolving dependencies org.scala-lang#scala-compiler;2.12.18->org.scala-lang#scala-reflect;2.12.18 [compile->runtime(*)]
loadData of org.scala-lang#scala-reflect;2.12.18 of rootConf=default
== resolving dependencies org.scala-lang#scala-compiler;2.12.18->org.scala-lang#scala-reflect;2.12.18 [compile->compile]
loadData of org.scala-lang#scala-reflect;2.12.18 of rootConf=default
== resolving dependencies org.scala-lang#scala-reflect;2.12.18->org.scala-lang#scala-library;2.12.18 [runtime->runtime(*)]
loadData of org.scala-lang#scala-library;2.12.18 of rootConf=default
default is loaded and no conf to load.  Skip loading
== resolving dependencies org.scala-lang#scala-reflect;2.12.18->org.scala-lang#scala-library;2.12.18 [runtime->compile]
loadData of org.scala-lang#scala-library;2.12.18 of rootConf=default
default is loaded and no conf to load.  Skip loading
== resolving dependencies org.scala-lang#scala-compiler;2.12.18->org.scala-lang.modules#scala-xml_2.12;2.1.0 [compile->master(*)]
loadData of org.scala-lang.modules#scala-xml_2.12;2.1.0 of rootConf=default
	using redefined-public to resolve org.scala-lang.modules#scala-xml_2.12;2.1.0
redefined-public: Checking cache for: dependency: org.scala-lang.modules#scala-xml_2.12;2.1.0 {compile=[compile(*), master(*)], runtime=[runtime(*)]}
No entry is found in the ModuleDescriptorCache : /home/owner/.ivy2/cache/org.scala-lang.modules/scala-xml_2.12/ivy-2.1.0.xml
post 1.3 ivy file: using exact as default matcher
	resolver not found: null => trying to use the one configured for org.scala-lang.modules#scala-xml_2.12;2.1.0
	configured resolver found for org.scala-lang.modules#scala-xml_2.12;2.1.0: redefined-public: saving this data
	found ivy file in cache for org.scala-lang.modules#scala-xml_2.12;2.1.0 (resolved by redefined-public): /home/owner/.ivy2/cache/org.scala-lang.modules/scala-xml_2.12/ivy-2.1.0.xml
redefined-public: module revision found in cache: org.scala-lang.modules#scala-xml_2.12;2.1.0
	found org.scala-lang.modules#scala-xml_2.12;2.1.0 in redefined-public
== resolving dependencies org.scala-lang#scala-compiler;2.12.18->org.scala-lang.modules#scala-xml_2.12;2.1.0 [compile->compile(*)]
loadData of org.scala-lang.modules#scala-xml_2.12;2.1.0 of rootConf=default
excluding dependency: org.scala-lang#scala-library;2.12.15 {compile=[compile(*), master(*)], runtime=[runtime(*)]} in compile
== resolving dependencies org.scala-lang#scala-compiler;2.12.18->org.scala-lang.modules#scala-xml_2.12;2.1.0 [compile->runtime(*)]
loadData of org.scala-lang.modules#scala-xml_2.12;2.1.0 of rootConf=default
== resolving dependencies org.scala-lang#scala-compiler;2.12.18->org.scala-lang.modules#scala-xml_2.12;2.1.0 [compile->compile]
loadData of org.scala-lang.modules#scala-xml_2.12;2.1.0 of rootConf=default
excluding dependency: org.scala-lang#scala-library;2.12.15 {compile=[compile(*), master(*)], runtime=[runtime(*)]} in runtime
== resolving dependencies org.scala-lang#scala-compiler;2.12.18->org.scala-lang#scala-library;2.12.18 [runtime->runtime(*)]
loadData of org.scala-lang#scala-library;2.12.18 of rootConf=default
default is loaded and no conf to load.  Skip loading
== resolving dependencies org.scala-lang#scala-compiler;2.12.18->org.scala-lang#scala-library;2.12.18 [runtime->compile]
loadData of org.scala-lang#scala-library;2.12.18 of rootConf=default
default is loaded and no conf to load.  Skip loading
== resolving dependencies org.scala-lang#scala-compiler;2.12.18->org.scala-lang#scala-reflect;2.12.18 [runtime->runtime(*)]
loadData of org.scala-lang#scala-reflect;2.12.18 of rootConf=default
default is loaded and no conf to load.  Skip loading
== resolving dependencies org.scala-lang#scala-compiler;2.12.18->org.scala-lang#scala-reflect;2.12.18 [runtime->compile]
loadData of org.scala-lang#scala-reflect;2.12.18 of rootConf=default
default is loaded and no conf to load.  Skip loading
== resolving dependencies org.scala-lang#scala-compiler;2.12.18->org.scala-lang.modules#scala-xml_2.12;2.1.0 [runtime->runtime(*)]
loadData of org.scala-lang.modules#scala-xml_2.12;2.1.0 of rootConf=default
default is loaded and no conf to load.  Skip loading
== resolving dependencies org.scala-lang#scala-compiler;2.12.18->org.scala-lang.modules#scala-xml_2.12;2.1.0 [runtime->compile]
loadData of org.scala-lang.modules#scala-xml_2.12;2.1.0 of rootConf=default
default is loaded and no conf to load.  Skip loading
== resolving dependencies org.scala-sbt#boot-scala;1.0->org.scala-lang#scala-compiler;2.12.18 [default->master]
loadData of org.scala-lang#scala-compiler;2.12.18 of rootConf=default
== resolving dependencies org.scala-sbt#boot-scala;1.0->org.scala-lang#scala-compiler;2.12.18 [default->optional(default)]
loadData of org.scala-lang#scala-compiler;2.12.18 of rootConf=default
== resolving dependencies org.scala-lang#scala-compiler;2.12.18->jline#jline;2.14.6 [optional->master(*)]
loadData of jline#jline;2.14.6 of rootConf=default
	using redefined-public to resolve jline#jline;2.14.6
redefined-public: Checking cache for: dependency: jline#jline;2.14.6 {optional=[compile(*), master(*)]}
	no ivy file in cache for jline#jline;2.14.6: tried /home/owner/.ivy2/cache/jline/jline/ivy-2.14.6.xml
local: no namespace defined: using system
	no ivy file in cache for jline#jline;2.14.6: tried /home/owner/.ivy2/cache/jline/jline/ivy-2.14.6.xml
	 trying /home/owner/.ivy2/local/jline/jline/2.14.6/ivys/ivy.xml
		tried /home/owner/.ivy2/local/jline/jline/2.14.6/ivys/ivy.xml
	local: resource not reachable for jline#jline;2.14.6: res=/home/owner/.ivy2/local/jline/jline/2.14.6/ivys/ivy.xml
	 trying /home/owner/.ivy2/local/jline/jline/2.14.6/jars/jline.jar
		tried /home/owner/.ivy2/local/jline/jline/2.14.6/jars/jline.jar
	local: resource not reachable for jline#jline;2.14.6: res=/home/owner/.ivy2/local/jline/jline/2.14.6/jars/jline.jar
	local: no ivy file nor artifact found for jline#jline;2.14.6
local-preloaded-ivy: no namespace defined: using system
	no ivy file in cache for jline#jline;2.14.6: tried /home/owner/.ivy2/cache/jline/jline/ivy-2.14.6.xml
	 trying file:////home/owner/.sbt/preloaded/jline/jline/2.14.6/ivys/ivy.xml
		tried file:////home/owner/.sbt/preloaded/jline/jline/2.14.6/ivys/ivy.xml
	local-preloaded-ivy: resource not reachable for jline#jline;2.14.6: res=file:////home/owner/.sbt/preloaded/jline/jline/2.14.6/ivys/ivy.xml
	local-preloaded-ivy: no ivy file found for jline#jline;2.14.6
local-preloaded: no namespace defined: using system
	no ivy file in cache for jline#jline;2.14.6: tried /home/owner/.ivy2/cache/jline/jline/ivy-2.14.6.xml
	 trying file:////home/owner/.sbt/preloaded/jline/jline/2.14.6/jline-2.14.6.pom
		tried file:////home/owner/.sbt/preloaded/jline/jline/2.14.6/jline-2.14.6.pom
	local-preloaded: resource not reachable for jline#jline;2.14.6: res=file:////home/owner/.sbt/preloaded/jline/jline/2.14.6/jline-2.14.6.pom
	 trying file:////home/owner/.sbt/preloaded/jline/jline/2.14.6/jline-2.14.6.jar
		tried file:////home/owner/.sbt/preloaded/jline/jline/2.14.6/jline-2.14.6.jar
	local-preloaded: resource not reachable for jline#jline;2.14.6: res=file:////home/owner/.sbt/preloaded/jline/jline/2.14.6/jline-2.14.6.jar
	local-preloaded: no ivy file nor artifact found for jline#jline;2.14.6
Maven Central: no namespace defined: using system
	no ivy file in cache for jline#jline;2.14.6: tried /home/owner/.ivy2/cache/jline/jline/ivy-2.14.6.xml
	 trying https://repo1.maven.org/maven2/jline/jline/2.14.6/jline-2.14.6.pom
		tried https://repo1.maven.org/maven2/jline/jline/2.14.6/jline-2.14.6.pom
	Maven Central: found md file for jline#jline;2.14.6
		=> https://repo1.maven.org/maven2/jline/jline/2.14.6/jline-2.14.6.pom (2.14.6)
	parser = pom parser
	no ivy file in cache for jline#jline;2.14.6: tried /home/owner/.ivy2/cache/jline/jline/ivy-2.14.6.xml
downloading https://repo1.maven.org/maven2/jline/jline/2.14.6/jline-2.14.6.pom ...
	Maven Central: downloading https://repo1.maven.org/maven2/jline/jline/2.14.6/jline-2.14.6.pom
		to /home/owner/.ivy2/cache/jline/jline/ivy-2.14.6.xml.original.part
sha1 file found for https://repo1.maven.org/maven2/jline/jline/2.14.6/jline-2.14.6.pom: checking...
	Maven Central: downloading https://repo1.maven.org/maven2/jline/jline/2.14.6/jline-2.14.6.pom.sha1
		to /tmp/ivytmp15331035137477516572sha1
sha1 OK for https://repo1.maven.org/maven2/jline/jline/2.14.6/jline-2.14.6.pom
	[SUCCESSFUL ] jline#jline;2.14.6!jline.pom(pom.original) (36ms)
redefined-public: Checking cache for: dependency: org.sonatype.oss#oss-parent;9 {}
No entry is found in the ModuleDescriptorCache : /home/owner/.ivy2/cache/org.sonatype.oss/oss-parent/ivy-9.xml
post 1.3 ivy file: using exact as default matcher
	resolver not found: null => trying to use the one configured for org.sonatype.oss#oss-parent;9
	configured resolver found for org.sonatype.oss#oss-parent;9: redefined-public: saving this data
	found ivy file in cache for org.sonatype.oss#oss-parent;9 (resolved by redefined-public): /home/owner/.ivy2/cache/org.sonatype.oss/oss-parent/ivy-9.xml
redefined-public: module revision found in cache: org.sonatype.oss#oss-parent;9
	 trying /home/owner/.ivy2/local/jline/jline/2.14.6/jars/jline.jar
		tried /home/owner/.ivy2/local/jline/jline/2.14.6/jars/jline.jar
	local: resource not reachable for jline#jline;2.14.6: res=/home/owner/.ivy2/local/jline/jline/2.14.6/jars/jline.jar
	 trying file:////home/owner/.sbt/preloaded/jline/jline/2.14.6/jars/jline.jar
		tried file:////home/owner/.sbt/preloaded/jline/jline/2.14.6/jars/jline.jar
	local-preloaded-ivy: resource not reachable for jline#jline;2.14.6: res=file:////home/owner/.sbt/preloaded/jline/jline/2.14.6/jars/jline.jar
	 trying file:////home/owner/.sbt/preloaded/jline/jline/2.14.6/jline-2.14.6.jar
		tried file:////home/owner/.sbt/preloaded/jline/jline/2.14.6/jline-2.14.6.jar
	local-preloaded: resource not reachable for jline#jline;2.14.6: res=file:////home/owner/.sbt/preloaded/jline/jline/2.14.6/jline-2.14.6.jar
	 trying https://repo1.maven.org/maven2/jline/jline/2.14.6/jline-2.14.6.jar
		tried https://repo1.maven.org/maven2/jline/jline/2.14.6/jline-2.14.6.jar
no source artifact found for jline#jline;2.14.6
no javadoc artifact found for jline#jline;2.14.6
	default-cache: parsed downloaded md file for jline#jline;2.14.6; parsed=jline#jline;2.14.6
	checking jline#jline;2.14.6 from Maven Central against [none]
	module revision kept as first found: jline#jline;2.14.6 from Maven Central
	found jline#jline;2.14.6 in Maven Central
== resolving dependencies org.scala-lang#scala-compiler;2.12.18->jline#jline;2.14.6 [optional->compile(*)]
loadData of jline#jline;2.14.6 of rootConf=default
== resolving dependencies org.scala-sbt#boot-scala;1.0->org.scala-lang#scala-library;2.12.18 [default->default]
loadData of org.scala-lang#scala-library;2.12.18 of rootConf=default
default is loaded and no conf to load.  Skip loading
== resolving dependencies org.scala-sbt#boot-scala;1.0->org.scala-lang#scala-library;2.12.18 [default->runtime]
loadData of org.scala-lang#scala-library;2.12.18 of rootConf=default
default is loaded and no conf to load.  Skip loading
== resolving dependencies org.scala-sbt#boot-scala;1.0->org.scala-lang#scala-library;2.12.18 [default->compile]
loadData of org.scala-lang#scala-library;2.12.18 of rootConf=default
default is loaded and no conf to load.  Skip loading
== resolving dependencies org.scala-sbt#boot-scala;1.0->org.scala-lang#scala-library;2.12.18 [default->master]
loadData of org.scala-lang#scala-library;2.12.18 of rootConf=default
default is loaded and no conf to load.  Skip loading
Nbr of module to sort : 5
Sort dependencies of : org.scala-lang#scala-compiler;2.12.18 / Number of dependencies = 4
Sort dependencies of : org.scala-lang#scala-library;2.12.18 / Number of dependencies = 0
Sort done for : org.scala-lang#scala-library;2.12.18
Sort dependencies of : org.scala-lang#scala-reflect;2.12.18 / Number of dependencies = 1
Module descriptor is processed : org.scala-lang#scala-library;2.12.18
Sort done for : org.scala-lang#scala-reflect;2.12.18
Sort dependencies of : org.scala-lang.modules#scala-xml_2.12;2.1.0 / Number of dependencies = 5
Non matching revision detected when sorting.  org.scala-lang.modules#scala-xml_2.12 depends on org.scala-lang#scala-compiler;2.12.15, doesn't match org.scala-lang#scala-compiler;2.12.18
Non matching revision detected when sorting.  org.scala-lang.modules#scala-xml_2.12 depends on org.scala-lang#scala-library;2.12.15, doesn't match org.scala-lang#scala-library;2.12.18
Sort done for : org.scala-lang.modules#scala-xml_2.12;2.1.0
Sort dependencies of : jline#jline;2.14.6 / Number of dependencies = 4
Sort done for : jline#jline;2.14.6
Sort done for : org.scala-lang#scala-compiler;2.12.18
Module descriptor is processed : org.scala-lang#scala-library;2.12.18
Module descriptor is processed : org.scala-lang#scala-reflect;2.12.18
Module descriptor is processed : org.scala-lang.modules#scala-xml_2.12;2.1.0
Module descriptor is processed : jline#jline;2.14.6
storing dependency org.scala-lang#scala-compiler;2.12.18 in props
storing dependency org.scala-lang#scala-library;2.12.18 in props
	resolved ivy file produced in cache
:: downloading artifacts ::
	[NOT REQUIRED] org.scala-lang#scala-compiler;2.12.18!scala-compiler.jar
	 trying https://repo1.maven.org/maven2/jline/jline/2.14.6/jline-2.14.6.jar
		tried https://repo1.maven.org/maven2/jline/jline/2.14.6/jline-2.14.6.jar
downloading https://repo1.maven.org/maven2/jline/jline/2.14.6/jline-2.14.6.jar ...
	[NOT REQUIRED] org.scala-lang.modules#scala-xml_2.12;2.1.0!scala-xml_2.12.jar(bundle)
	Maven Central: downloading https://repo1.maven.org/maven2/jline/jline/2.14.6/jline-2.14.6.jar
		to /home/owner/.ivy2/cache/jline/jline/jars/jline-2.14.6.jar.part
	[NOT REQUIRED] org.scala-lang#scala-library;2.12.18!scala-library.jar
	[NOT REQUIRED] org.scala-lang#scala-reflect;2.12.18!scala-reflect.jar
sha1 file found for https://repo1.maven.org/maven2/jline/jline/2.14.6/jline-2.14.6.jar: checking...
	Maven Central: downloading https://repo1.maven.org/maven2/jline/jline/2.14.6/jline-2.14.6.jar.sha1
		to /tmp/ivytmp7728860914944713406sha1
sha1 OK for https://repo1.maven.org/maven2/jline/jline/2.14.6/jline-2.14.6.jar
	[SUCCESSFUL ] jline#jline;2.14.6!jline.jar (78ms)
:: resolution report :: resolve 1067ms :: artifacts dl 94ms
Nbr of module to sort : 5
Sort dependencies of : org.scala-lang#scala-compiler;2.12.18 / Number of dependencies = 4
Sort dependencies of : org.scala-lang#scala-library;2.12.18 / Number of dependencies = 0
Sort done for : org.scala-lang#scala-library;2.12.18
Sort dependencies of : org.scala-lang#scala-reflect;2.12.18 / Number of dependencies = 1
Module descriptor is processed : org.scala-lang#scala-library;2.12.18
Sort done for : org.scala-lang#scala-reflect;2.12.18
Sort dependencies of : org.scala-lang.modules#scala-xml_2.12;2.1.0 / Number of dependencies = 5
Non matching revision detected when sorting.  org.scala-lang.modules#scala-xml_2.12 depends on org.scala-lang#scala-compiler;2.12.15, doesn't match org.scala-lang#scala-compiler;2.12.18
Non matching revision detected when sorting.  org.scala-lang.modules#scala-xml_2.12 depends on org.scala-lang#scala-library;2.12.15, doesn't match org.scala-lang#scala-library;2.12.18
Sort done for : org.scala-lang.modules#scala-xml_2.12;2.1.0
Sort dependencies of : jline#jline;2.14.6 / Number of dependencies = 4
Sort done for : jline#jline;2.14.6
Sort done for : org.scala-lang#scala-compiler;2.12.18
Module descriptor is processed : org.scala-lang#scala-library;2.12.18
Module descriptor is processed : org.scala-lang#scala-reflect;2.12.18
Module descriptor is processed : org.scala-lang.modules#scala-xml_2.12;2.1.0
Module descriptor is processed : jline#jline;2.14.6
	report for org.scala-sbt#boot-scala;1.0 default produced in /home/owner/.sbt/boot/resolution-cache/org.scala-sbt-boot-scala-default.xml
	resolve done (1067ms resolve - 94ms download)
setting 'scala' to '2.12.18'
:: retrieving :: org.scala-sbt#boot-scala
	checkUpToDate=true
post 1.3 ivy file: using exact as default matcher
no explicit confs given for retrieve, using ivy file: file:/home/owner/.sbt/boot/resolution-cache/resolved-org.scala-sbt-boot-scala-1.0.xml
	confs: [default]
	retrieving /home/owner/.ivy2/cache/org.scala-lang/scala-compiler/jars/scala-compiler-2.12.18.jar
		to /home/owner/.sbt/boot/scala-2.12.18/lib/scala-compiler.jar
	retrieving /home/owner/.ivy2/cache/org.scala-lang/scala-reflect/jars/scala-reflect-2.12.18.jar
	retrieving /home/owner/.ivy2/cache/org.scala-lang.modules/scala-xml_2.12/bundles/scala-xml_2.12-2.1.0.jar
	retrieving /home/owner/.ivy2/cache/org.scala-lang/scala-library/jars/scala-library-2.12.18.jar
	retrieving /home/owner/.ivy2/cache/jline/jline/jars/jline-2.14.6.jar
		to /home/owner/.sbt/boot/scala-2.12.18/lib/scala-reflect.jar
		to /home/owner/.sbt/boot/scala-2.12.18/lib/scala-xml_2.12.jar
		to /home/owner/.sbt/boot/scala-2.12.18/lib/scala-library.jar
		to /home/owner/.sbt/boot/scala-2.12.18/lib/jline.jar
	5 artifacts copied, 0 already retrieved
	retrieve done (113ms)
